---
source: src/lib.rs
expression: uri.to_string()
---
"algorand://?amount=0&asset=31566704"

